[    0.000000] Linux version 4.15.0-212-generic (buildd@lcy02-amd64-083) (gcc version 7.5.0 (Ubuntu 7.5.0-3ubuntu1~18.04)) #223-Ubuntu SMP Tue May 23 13:09:22 UTC 2023 (Ubuntu 4.15.0-212.223-generic 4.15.18)
[    0.000000] Command line: BOOT_IMAGE=/boot/vmlinuz-4.15.0-212-generic root=LABEL=cloudimg-rootfs ro console=tty1 console=ttyS0
[    0.000000] KERNEL supported cpus:
[    0.000000]   Intel GenuineIntel
[    0.000000]   AMD AuthenticAMD
[    0.000000]   Centaur CentaurHauls
[    0.000000] x86/fpu: Supporting XSAVE feature 0x001: 'x87 floating point registers'
[    0.000000] x86/fpu: Supporting XSAVE feature 0x002: 'SSE registers'
[    0.000000] x86/fpu: Supporting XSAVE feature 0x004: 'AVX registers'
[    0.000000] x86/fpu: xstate_offset[2]:  576, xstate_sizes[2]:  256
[    0.000000] x86/fpu: Enabled xstate features 0x7, context size is 832 bytes, using 'standard' format.
[    0.000000] e820: BIOS-provided physical RAM map:
[    0.000000] BIOS-e820: [mem 0x0000000000000000-0x000000000009fbff] usable
[    0.000000] BIOS-e820: [mem 0x000000000009fc00-0x000000000009ffff] reserved
[    0.000000] BIOS-e820: [mem 0x00000000000f0000-0x00000000000fffff] reserved
[    0.000000] BIOS-e820: [mem 0x0000000000100000-0x000000003ffeffff] usable
[    0.000000] BIOS-e820: [mem 0x000000003fff0000-0x000000003fffffff] ACPI data
[    0.000000] BIOS-e820: [mem 0x00000000fec00000-0x00000000fec00fff] reserved
[    0.000000] BIOS-e820: [mem 0x00000000fee00000-0x00000000fee00fff] reserved
[    0.000000] BIOS-e820: [mem 0x00000000fffc0000-0x00000000ffffffff] reserved
[    0.000000] NX (Execute Disable) protection: active
[    0.000000] SMBIOS 2.5 present.
[    0.000000] DMI: innotek GmbH VirtualBox/VirtualBox, BIOS VirtualBox 12/01/2006
[    0.000000] Hypervisor detected: KVM
[    0.000000] e820: last_pfn = 0x3fff0 max_arch_pfn = 0x400000000
[    0.000000] MTRR: Disabled
[    0.000000] x86/PAT: MTRRs disabled, skipping PAT initialization too.
[    0.000000] CPU MTRRs all blank - virtualized system.
[    0.000000] x86/PAT: Configuration [0-7]: WB  WT  UC- UC  WB  WT  UC- UC  
[    0.000000] found SMP MP-table at [mem 0x0009fff0-0x0009ffff]
[    0.000000] Scanning 1 areas for low memory corruption
[    0.000000] RAMDISK: [mem 0x359cb000-0x36cdcfff]
[    0.000000] ACPI: Early table checksum verification disabled
[    0.000000] ACPI: RSDP 0x00000000000E0000 000024 (v02 VBOX  )
[    0.000000] ACPI: XSDT 0x000000003FFF0030 00003C (v01 VBOX   VBOXXSDT 00000001 ASL  00000061)
[    0.000000] ACPI: FACP 0x000000003FFF00F0 0000F4 (v04 VBOX   VBOXFACP 00000001 ASL  00000061)
[    0.000000] ACPI: DSDT 0x000000003FFF0610 002353 (v02 VBOX   VBOXBIOS 00000002 INTL 20230628)
[    0.000000] ACPI: FACS 0x000000003FFF0200 000040
[    0.000000] ACPI: FACS 0x000000003FFF0200 000040
[    0.000000] ACPI: APIC 0x000000003FFF0240 000054 (v02 VBOX   VBOXAPIC 00000001 ASL  00000061)
[    0.000000] ACPI: SSDT 0x000000003FFF02A0 00036C (v01 VBOX   VBOXCPUT 00000002 INTL 20230628)
[    0.000000] ACPI: Reserving FACP table memory at [mem 0x3fff00f0-0x3fff01e3]
[    0.000000] ACPI: Reserving DSDT table memory at [mem 0x3fff0610-0x3fff2962]
[    0.000000] ACPI: Reserving FACS table memory at [mem 0x3fff0200-0x3fff023f]
[    0.000000] ACPI: Reserving FACS table memory at [mem 0x3fff0200-0x3fff023f]
[    0.000000] ACPI: Reserving APIC table memory at [mem 0x3fff0240-0x3fff0293]
[    0.000000] ACPI: Reserving SSDT table memory at [mem 0x3fff02a0-0x3fff060b]
[    0.000000] No NUMA configuration found
[    0.000000] Faking a node at [mem 0x0000000000000000-0x000000003ffeffff]
[    0.000000] NODE_DATA(0) allocated [mem 0x3ffc5000-0x3ffeffff]
[    0.000000] kvm-clock: cpu 0, msr 0:3ff44001, primary cpu clock
[    0.000000] kvm-clock: Using msrs 4b564d01 and 4b564d00
[    0.000000] kvm-clock: using sched offset of 3088585633 cycles
[    0.000000] clocksource: kvm-clock: mask: 0xffffffffffffffff max_cycles: 0x1cd42e4dffb, max_idle_ns: 881590591483 ns
[    0.000000] Zone ranges:
[    0.000000]   DMA      [mem 0x0000000000001000-0x0000000000ffffff]
[    0.000000]   DMA32    [mem 0x0000000001000000-0x000000003ffeffff]
[    0.000000]   Normal   empty
[    0.000000]   Device   empty
[    0.000000] Movable zone start for each node
[    0.000000] Early memory node ranges
[    0.000000]   node   0: [mem 0x0000000000001000-0x000000000009efff]
[    0.000000]   node   0: [mem 0x0000000000100000-0x000000003ffeffff]
[    0.000000] Reserved but unavailable: 104 pages
[    0.000000] Initmem setup node 0 [mem 0x0000000000001000-0x000000003ffeffff]
[    0.000000] ACPI: PM-Timer IO Port: 0x4008
[    0.000000] IOAPIC[0]: apic_id 1, version 32, address 0xfec00000, GSI 0-23
[    0.000000] ACPI: INT_SRC_OVR (bus 0 bus_irq 0 global_irq 2 dfl dfl)
[    0.000000] ACPI: INT_SRC_OVR (bus 0 bus_irq 9 global_irq 9 low level)
[    0.000000] Using ACPI (MADT) for SMP configuration information
[    0.000000] smpboot: Allowing 1 CPUs, 0 hotplug CPUs
[    0.000000] PM: Registered nosave memory: [mem 0x00000000-0x00000fff]
[    0.000000] PM: Registered nosave memory: [mem 0x0009f000-0x0009ffff]
[    0.000000] PM: Registered nosave memory: [mem 0x000a0000-0x000effff]
[    0.000000] PM: Registered nosave memory: [mem 0x000f0000-0x000fffff]
[    0.000000] e820: [mem 0x40000000-0xfebfffff] available for PCI devices
[    0.000000] Booting paravirtualized kernel on KVM
[    0.000000] clocksource: refined-jiffies: mask: 0xffffffff max_cycles: 0xffffffff, max_idle_ns: 7645519600211568 ns
[    0.000000] setup_percpu: NR_CPUS:8192 nr_cpumask_bits:1 nr_cpu_ids:1 nr_node_ids:1
[    0.000000] percpu: Embedded 50 pages/cpu s167936 r8192 d28672 u2097152
[    0.000000] PV qspinlock hash table entries: 256 (order: 0, 4096 bytes)
[    0.000000] Built 1 zonelists, mobility grouping on.  Total pages: 257913
[    0.000000] Policy zone: DMA32
[    0.000000] Kernel command line: BOOT_IMAGE=/boot/vmlinuz-4.15.0-212-generic root=LABEL=cloudimg-rootfs ro console=tty1 console=ttyS0
[    0.000000] Memory: 982844K/1048120K available (12300K kernel code, 2477K rwdata, 4324K rodata, 2480K init, 2720K bss, 65276K reserved, 0K cma-reserved)
[    0.000000] SLUB: HWalign=64, Order=0-3, MinObjects=0, CPUs=1, Nodes=1
[    0.000000] Kernel/User page tables isolation: enabled
[    0.000000] ftrace: allocating 39508 entries in 155 pages
[    0.004000] Hierarchical RCU implementation.
[    0.004000] 	RCU restricting CPUs from NR_CPUS=8192 to nr_cpu_ids=1.
[    0.004000] 	Tasks RCU enabled.
[    0.004000] RCU: Adjusting geometry for rcu_fanout_leaf=16, nr_cpu_ids=1
[    0.004000] NR_IRQS: 524544, nr_irqs: 256, preallocated irqs: 16
[    0.004000] random: crng init done
[    0.004000] Console: colour VGA+ 80x25
[    0.004000] console [tty1] enabled
[    0.004000] console [ttyS0] enabled
[    0.004000] ACPI: Core revision 20170831
[    0.004000] ACPI: 2 ACPI AML tables successfully acquired and loaded
[    0.004000] APIC: Switch to symmetric I/O mode setup
[    0.004000] x2apic enabled
[    0.004000] Switched APIC routing to physical x2apic.
[    0.004000] ..TIMER: vector=0x30 apic1=0 pin1=2 apic2=-1 pin2=-1
[    0.004003] tsc: Detected 2592.004 MHz processor
[    0.004702] Calibrating delay loop (skipped) preset value.. 5184.00 BogoMIPS (lpj=10368016)
[    0.005192] pid_max: default: 32768 minimum: 301
[    0.005868] Security Framework initialized
[    0.006504] Yama: becoming mindful.
[    0.008015] AppArmor: AppArmor initialized
[    0.008849] Dentry cache hash table entries: 131072 (order: 8, 1048576 bytes)
[    0.009862] Inode-cache hash table entries: 65536 (order: 7, 524288 bytes)
[    0.010822] Mount-cache hash table entries: 2048 (order: 2, 16384 bytes)
[    0.011741] Mountpoint-cache hash table entries: 2048 (order: 2, 16384 bytes)
[    0.012207] process: using mwait in idle threads
[    0.012873] Last level iTLB entries: 4KB 64, 2MB 8, 4MB 8
[    0.013671] Last level dTLB entries: 4KB 64, 2MB 0, 4MB 0, 1GB 4
[    0.014478] Spectre V1 : Mitigation: usercopy/swapgs barriers and __user pointer sanitization
[    0.016001] Spectre V2 : Mitigation: Retpolines
[    0.016684] Spectre V2 : Spectre v2 / SpectreRSB mitigation: Filling RSB on context switch
[    0.017822] Spectre V2 : Spectre v2 / SpectreRSB : Filling RSB on VMEXIT
[    0.018739] RETBleed: WARNING: Spectre v2 mitigation leaves CPU vulnerable to RETBleed attacks, data leaks possible!
[    0.020001] RETBleed: Vulnerable
[    0.020541] Speculative Store Bypass: Vulnerable
[    0.021271] MDS: Mitigation: Clear CPU buffers
[    0.021942] MMIO Stale Data: Mitigation: Clear CPU buffers
[    0.022734] SRBDS: Unknown: Dependent on hypervisor status
[    0.031763] Freeing SMP alternatives memory: 36K
[    0.141647] smpboot: CPU0: Intel(R) Core(TM) i7-9750H CPU @ 2.60GHz (family: 0x6, model: 0x9e, stepping: 0xa)
[    0.143264] Performance Events: unsupported p6 CPU model 158 no PMU driver, software events only.
[    0.144000] Hierarchical SRCU implementation.
[    0.144096] NMI watchdog: Perf event create on CPU 0 failed with -2
[    0.145069] NMI watchdog: Perf NMI watchdog permanently disabled
[    0.146089] smp: Bringing up secondary CPUs ...
[    0.147175] smp: Brought up 1 node, 1 CPU
[    0.147850] smpboot: Max logical packages: 1
[    0.148002] smpboot: Total of 1 processors activated (5184.00 BogoMIPS)
[    0.149362] devtmpfs: initialized
[    0.149967] x86/mm: Memory block size: 128MB
[    0.151198] evm: security.selinux
[    0.152003] evm: security.SMACK64
[    0.152922] evm: security.SMACK64EXEC
[    0.153826] evm: security.SMACK64TRANSMUTE
[    0.154794] evm: security.SMACK64MMAP
[    0.156002] evm: security.apparmor
[    0.156738] evm: security.ima
[    0.157388] evm: security.capability
[    0.158258] clocksource: jiffies: mask: 0xffffffff max_cycles: 0xffffffff, max_idle_ns: 7645041785100000 ns
[    0.160000] futex hash table entries: 256 (order: 2, 16384 bytes)
[    0.160038] pinctrl core: initialized pinctrl subsystem
[    0.161453] RTC time:  2:50:29, date: 11/05/24
[    0.164085] NET: Registered protocol family 16
[    0.165061] audit: initializing netlink subsys (disabled)
[    0.166220] cpuidle: using governor ladder
[    0.167379] cpuidle: using governor menu
[    0.168036] ACPI: bus type PCI registered
[    0.168985] acpiphp: ACPI Hot Plug PCI Controller Driver version: 0.5
[    0.170480] PCI: Using configuration type 1 for base access
[    0.172028] audit: type=2000 audit(1730775033.668:1): state=initialized audit_enabled=0 res=1
[    0.175225] HugeTLB registered 2.00 MiB page size, pre-allocated 0 pages
[    0.176283] ACPI: Added _OSI(Module Device)
[    0.177437] ACPI: Added _OSI(Processor Device)
[    0.178456] ACPI: Added _OSI(3.0 _SCP Extensions)
[    0.180004] ACPI: Added _OSI(Processor Aggregator Device)
[    0.181062] ACPI: Added _OSI(Linux-Dell-Video)
[    0.182011] ACPI: Added _OSI(Linux-Lenovo-NV-HDMI-Audio)
[    0.183057] ACPI: Added _OSI(Linux-HPI-Hybrid-Graphics)
[    0.184295] ACPI: Executed 1 blocks of module-level executable AML code
[    0.189212] ACPI: Interpreter enabled
[    0.189818] ACPI: (supports S0 S5)
[    0.190443] ACPI: Using IOAPIC for interrupt routing
[    0.192116] PCI: Using host bridge windows from ACPI; if necessary, use "pci=nocrs" and report a bug
[    0.193588] ACPI: Enabled 2 GPEs in block 00 to 07
[    0.199991] ACPI: PCI Root Bridge [PCI0] (domain 0000 [bus 00-ff])
[    0.200005] acpi PNP0A03:00: _OSC: OS supports [ASPM ClockPM Segments MSI]
[    0.201488] acpi PNP0A03:00: _OSC: not requesting OS control; OS requires [ExtendedConfig ASPM ClockPM MSI]
[    0.202967] acpi PNP0A03:00: fail to add MMCONFIG information, can't access extended PCI configuration space under this bridge.
[    0.204306] PCI host bridge to bus 0000:00
[    0.206086] pci_bus 0000:00: root bus resource [io  0x0000-0x0cf7 window]
[    0.208002] pci_bus 0000:00: root bus resource [io  0x0d00-0xffff window]
[    0.209020] pci_bus 0000:00: root bus resource [mem 0x000a0000-0x000bffff window]
[    0.210209] pci_bus 0000:00: root bus resource [mem 0x40000000-0xfdffffff window]
[    0.211379] pci_bus 0000:00: root bus resource [bus 00-ff]
[    0.213344] pci 0000:00:01.1: legacy IDE quirk: reg 0x10: [io  0x01f0-0x01f7]
[    0.214399] pci 0000:00:01.1: legacy IDE quirk: reg 0x14: [io  0x03f6]
[    0.215368] pci 0000:00:01.1: legacy IDE quirk: reg 0x18: [io  0x0170-0x0177]
[    0.216002] pci 0000:00:01.1: legacy IDE quirk: reg 0x1c: [io  0x0376]
[    0.225282] pci 0000:00:07.0: quirk: [io  0x4000-0x403f] claimed by PIIX4 ACPI
[    0.226453] pci 0000:00:07.0: quirk: [io  0x4100-0x410f] claimed by PIIX4 SMB
[    0.232917] ACPI: PCI Interrupt Link [LNKA] (IRQs 5 9 10 *11)
[    0.234109] ACPI: PCI Interrupt Link [LNKB] (IRQs 5 9 *10 11)
[    0.235096] ACPI: PCI Interrupt Link [LNKC] (IRQs 5 *9 10 11)
[    0.236084] ACPI: PCI Interrupt Link [LNKD] (IRQs 5 9 10 *11)
[    0.237178] SCSI subsystem initialized
[    0.237883] pci 0000:00:02.0: vgaarb: setting as boot VGA device
[    0.238808] pci 0000:00:02.0: vgaarb: VGA device added: decodes=io+mem,owns=io+mem,locks=none
[    0.240000] pci 0000:00:02.0: vgaarb: bridge control possible
[    0.240001] vgaarb: loaded
[    0.240512] ACPI: bus type USB registered
[    0.241147] usbcore: registered new interface driver usbfs
[    0.241949] usbcore: registered new interface driver hub
[    0.242723] usbcore: registered new device driver usb
[    0.244036] EDAC MC: Ver: 3.0.0
[    0.244737] PCI: Using ACPI for IRQ routing
[    0.245561] NetLabel: Initializing
[    0.246168] NetLabel:  domain hash size = 128
[    0.246824] NetLabel:  protocols = UNLABELED CIPSOv4 CALIPSO
[    0.247653] NetLabel:  unlabeled traffic allowed by default
[    0.248071] clocksource: Switched to clocksource kvm-clock
[    0.256481] VFS: Disk quotas dquot_6.6.0
[    0.257199] VFS: Dquot-cache hash table entries: 512 (order 0, 4096 bytes)
[    0.258250] AppArmor: AppArmor Filesystem Enabled
[    0.259054] pnp: PnP ACPI init
[    0.260542] pnp: PnP ACPI: found 3 devices
[    0.266550] clocksource: acpi_pm: mask: 0xffffff max_cycles: 0xffffff, max_idle_ns: 2085701024 ns
[    0.267952] NET: Registered protocol family 2
[    0.268725] IP idents hash table entries: 16384 (order: 5, 131072 bytes)
[    0.269874] TCP established hash table entries: 8192 (order: 4, 65536 bytes)
[    0.270938] TCP bind hash table entries: 8192 (order: 5, 131072 bytes)
[    0.271939] TCP: Hash tables configured (established 8192 bind 8192)
[    0.273072] UDP hash table entries: 512 (order: 2, 16384 bytes)
[    0.273995] UDP-Lite hash table entries: 512 (order: 2, 16384 bytes)
[    0.274987] NET: Registered protocol family 1
[    0.275723] pci 0000:00:00.0: Limiting direct PCI/PCI transfers
[    0.276664] pci 0000:00:01.0: Activating ISA DMA hang workarounds
[    0.277639] pci 0000:00:02.0: Video device with shadowed ROM at [mem 0x000c0000-0x000dffff]
[    0.279015] Unpacking initramfs...
[    0.461460] Freeing initrd memory: 19528K
[    0.473671] clocksource: tsc: mask: 0xffffffffffffffff max_cycles: 0x255cbae350f, max_idle_ns: 440795327587 ns
[    0.475144] platform rtc_cmos: registered platform RTC device (no PNP device found)
[    0.476314] Scanning for low memory corruption every 60 seconds
[    0.477540] Initialise system trusted keyrings
[    0.478249] Key type blacklist registered
[    0.478912] workingset: timestamp_bits=36 max_order=18 bucket_order=0
[    0.480291] zbud: loaded
[    0.481441] squashfs: version 4.0 (2009/01/31) Phillip Lougher
[    0.482382] fuse init (API version 7.26)
[    0.483497] Key type asymmetric registered
[    0.484162] Asymmetric key parser 'x509' registered
[    0.484921] Block layer SCSI generic (bsg) driver version 0.4 loaded (major 246)
[    0.486052] io scheduler noop registered
[    0.486683] io scheduler deadline registered
[    0.487368] io scheduler cfq registered (default)
[    0.488267] ACPI: AC Adapter [AC] (on-line)
[    0.488972] input: Power Button as /devices/LNXSYSTM:00/LNXPWRBN:00/input/input0
[    0.490239] ACPI: Power Button [PWRF]
[    0.490906] input: Sleep Button as /devices/LNXSYSTM:00/LNXSLPBN:00/input/input1
[    0.492054] ACPI: Sleep Button [SLPF]
[    0.493452] ACPI: Battery Slot [BAT0] (battery present)
[    0.494351] Serial: 8250/16550 driver, 32 ports, IRQ sharing enabled
[    0.515774] 00:02: ttyS0 at I/O 0x3f8 (irq = 4, base_baud = 115200) is a 16550A
[    0.517857] Linux agpgart interface v0.103
[    0.519203] loop: module loaded
[    0.520114] scsi host0: ata_piix
[    0.520693] scsi host1: ata_piix
[    0.521217] ata1: PATA max UDMA/33 cmd 0x1f0 ctl 0x3f6 bmdma 0xd000 irq 14
[    0.522167] ata2: PATA max UDMA/33 cmd 0x170 ctl 0x376 bmdma 0xd008 irq 15
[    0.523431] tun: Universal TUN/TAP device driver, 1.6
[    0.524066] PPP generic driver version 2.4.2
[    0.524928] ehci_hcd: USB 2.0 'Enhanced' Host Controller (EHCI) Driver
[    0.525834] ehci-pci: EHCI PCI platform driver
[    0.526507] ehci-platform: EHCI generic platform driver
[    0.527271] ohci_hcd: USB 1.1 'Open' Host Controller (OHCI) Driver
[    0.528141] ohci-pci: OHCI PCI platform driver
[    0.528850] ohci-platform: OHCI generic platform driver
[    0.529617] uhci_hcd: USB Universal Host Controller Interface driver
[    0.530523] i8042: PNP: PS/2 Controller [PNP0303:PS2K,PNP0f03:PS2M] at 0x60,0x64 irq 1,12
[    0.532087] serio: i8042 KBD port at 0x60,0x64 irq 1
[    0.532856] serio: i8042 AUX port at 0x60,0x64 irq 12
[    0.533645] mousedev: PS/2 mouse device common for all mice
[    0.534591] input: AT Translated Set 2 keyboard as /devices/platform/i8042/serio0/input/input2
[    0.536066] rtc_cmos rtc_cmos: rtc core: registered rtc_cmos as rtc0
[    0.537003] rtc_cmos rtc_cmos: alarms up to one day, 114 bytes nvram
[    0.537910] i2c /dev entries driver
[    0.538510] device-mapper: uevent: version 1.0.3
[    0.539243] device-mapper: ioctl: 4.37.0-ioctl (2017-09-20) initialised: dm-devel@redhat.com
[    0.540482] ledtrig-cpu: registered to indicate activity on CPUs
[    0.541585] intel_pmc_core:  initialized
[    0.542369] NET: Registered protocol family 10
[    0.545326] Segment Routing with IPv6
[    0.545978] NET: Registered protocol family 17
[    0.546682] Key type dns_resolver registered
[    0.547441] mce: Using 0 MCE banks
[    0.548050] RAS: Correctable Errors collector initialized.
[    0.548837] sched_clock: Marking stable (548820800, 0)->(681187691, -132366891)
[    0.550034] registered taskstats version 1
[    0.550674] Loading compiled-in X.509 certificates
[    0.552731] Loaded X.509 cert 'Build time autogenerated kernel key: b5b26778eaa3ab3a4a6cee031137706e947d12ad'
[    0.554527] Loaded X.509 cert 'Canonical Ltd. Live Patch Signing: 14df34d1a87cf37625abec039ef2bf521249b969'
[    0.556244] Loaded X.509 cert 'Canonical Ltd. Kernel Module Signing: 88f752e560a1e0737e31163a466ad7b70a850c19'
[    0.557649] blacklist: Loading compiled-in revocation X.509 certificates
[    0.558598] Loaded X.509 cert 'Canonical Ltd. Secure Boot Signing: 61482aa2830d0ab2ad5af10b7250da9033ddcef0'
[    0.559969] Loaded X.509 cert 'Canonical Ltd. Secure Boot Signing (2017): 242ade75ac4a15e50d50c84b0d45ff3eae707a03'
[    0.561469] Loaded X.509 cert 'Canonical Ltd. Secure Boot Signing (ESM 2018): 365188c1d374d6b07c3c8f240f8ef722433d6a8b'
[    0.562949] Loaded X.509 cert 'Canonical Ltd. Secure Boot Signing (2019): c0746fd6c5da3ae827864651ad66ae47fe24b3e8'
[    0.564388] Loaded X.509 cert 'Canonical Ltd. Secure Boot Signing (2021 v1): a8d54bbb3825cfb94fa13c9f8a594a195c107b8d'
[    0.565873] Loaded X.509 cert 'Canonical Ltd. Secure Boot Signing (2021 v2): 4cf046892d6fd3c9a5b03f98d845f90851dc6a8c'
[    0.567337] Loaded X.509 cert 'Canonical Ltd. Secure Boot Signing (2021 v3): 100437bb6de6e469b581e61cd66bce3ef4ed53af'
[    0.568875] Loaded X.509 cert 'Canonical Ltd. Secure Boot Signing (Ubuntu Core 2019): c1d57b8f6b743f23ee41f4f7ee292f06eecadfb9'
[    0.570429] zswap: loaded using pool lzo/zbud
[    0.572954] Key type big_key registered
[    0.573566] Key type trusted registered
[    0.575084] Key type encrypted registered
[    0.575723] AppArmor: AppArmor sha1 policy hashing enabled
[    0.576487] ima: No TPM chip found, activating TPM-bypass! (rc=-19)
[    0.577374] ima: Allocated hash algorithm: sha1
[    0.578081] evm: HMAC attrs: 0x1
[    0.578762]   Magic number: 0:403:813
[    0.579432] rtc_cmos rtc_cmos: setting system clock to 2024-11-05 02:50:29 UTC (1730775029)
[    0.580730] BIOS EDD facility v0.16 2004-Jun-25, 0 devices found
[    0.581589] EDD information not available.
[    0.714207] Freeing unused kernel image memory: 2480K
[    0.724139] Write protecting the kernel read-only data: 20480k
[    0.726692] Freeing unused kernel image memory: 2008K
[    0.728711] Freeing unused kernel image memory: 1820K
[    0.741647] x86/mm: Checked W+X mappings: passed, no W+X pages found.
[    0.742910] x86/mm: Checking user space page tables
[    0.752255] x86/mm: Checked W+X mappings: passed, no W+X pages found.
Loading, please wait...
starting version 237
[    0.841984] e1000: Intel(R) PRO/1000 Network Driver - version 7.3.21-k8-NAPI
[    0.843070] e1000: Copyright (c) 1999-2006 Intel Corporation.
[    0.847039] Fusion MPT base driver 3.04.20
[    0.847692] Copyright (c) 1999-2008 LSI Corporation
[    0.856898] Fusion MPT SPI Host driver 3.04.20
[    0.868066] AVX2 version of gcm_enc/dec engaged.
[    0.868796] AES CTR mode by8 optimization enabled
[    1.060007] input: ImExPS/2 Generic Explorer Mouse as /devices/platform/i8042/serio1/input/input4
[    1.228320] e1000 0000:00:03.0 eth0: (PCI:33MHz:32-bit) 02:3b:7b:b7:3b:2d
[    1.229415] e1000 0000:00:03.0 eth0: Intel(R) PRO/1000 Network Connection
[    1.231133] mptbase: ioc0: Initiating bringup
[    1.336926] ioc0: LSI53C1030 A0: Capabilities={Initiator}
[    1.581920] scsi host2: ioc0: LSI53C1030 A0, FwRev=00000000h, Ports=1, MaxQ=256, IRQ=20
[    1.753396] scsi 2:0:0:0: Direct-Access     VBOX     HARDDISK         1.0  PQ: 0 ANSI: 5
[    1.766129] scsi target2:0:0: Beginning Domain Validation
[    1.774150] scsi target2:0:0: Domain Validation skipping write tests
[    1.778468] scsi target2:0:0: Ending Domain Validation
[    1.782144] scsi target2:0:0: asynchronous
[    1.785891] scsi 2:0:1:0: Direct-Access     VBOX     HARDDISK         1.0  PQ: 0 ANSI: 5
[    1.789570] scsi target2:0:1: Beginning Domain Validation
[    1.793145] scsi target2:0:1: Domain Validation skipping write tests
[    1.795026] scsi target2:0:1: Ending Domain Validation
[    1.796663] scsi target2:0:1: asynchronous
[    1.831065] sd 2:0:0:0: Attached scsi generic sg0 type 0
[    1.831925] sd 2:0:0:0: [sda] 83886080 512-byte logical blocks: (42.9 GB/40.0 GiB)
[    1.833038] sd 2:0:0:0: [sda] Write Protect is off
[    1.833850] sd 2:0:0:0: [sda] Incomplete mode parameter data
[    1.834661] sd 2:0:0:0: [sda] Assuming drive cache: write through
[    1.835584] sd 2:0:1:0: Attached scsi generic sg1 type 0
[    1.836543] sd 2:0:1:0: [sdb] 20480 512-byte logical blocks: (10.5 MB/10.0 MiB)
[    1.837702] sd 2:0:1:0: [sdb] Write Protect is off
[    1.838491] sd 2:0:1:0: [sdb] Incomplete mode parameter data
[    1.839306] sd 2:0:1:0: [sdb] Assuming drive cache: write through
[    1.849132]  sda: sda1
[    1.850269] sd 2:0:0:0: [sda] Attached SCSI disk
[    1.871464] sd 2:0:1:0: [sdb] Attached SCSI disk
[    2.152929] e1000 0000:00:08.0 eth1: (PCI:33MHz:32-bit) 08:00:27:0b:1e:4a
[    2.154073] e1000 0000:00:08.0 eth1: Intel(R) PRO/1000 Network Connection
[    2.156835] e1000 0000:00:08.0 enp0s8: renamed from eth1
[    2.159519] e1000 0000:00:03.0 enp0s3: renamed from eth0
Begin: Loading essential drivers ... [    3.725936] raid6: sse2x1   gen() 13723 MB/s
[    3.784194] raid6: sse2x1   xor()  4860 MB/s
[    3.836192] raid6: sse2x2   gen() 15106 MB/s
[    3.900318] raid6: sse2x2   xor() 11653 MB/s
[    3.965371] raid6: sse2x4   gen() 20542 MB/s
[    4.029903] raid6: sse2x4   xor() 12155 MB/s
[    4.088784] raid6: avx2x1   gen() 26585 MB/s
[    4.152651] raid6: avx2x1   xor() 21045 MB/s
[    4.217121] raid6: avx2x2   gen() 34712 MB/s
[    4.281194] raid6: avx2x2   xor() 23373 MB/s
[    4.344833] raid6: avx2x4   gen() 42882 MB/s
[    4.409053] raid6: avx2x4   xor() 24835 MB/s
[    4.409789] raid6: using algorithm avx2x4 gen() 42882 MB/s
[    4.410618] raid6: .... xor() 24835 MB/s, rmw enabled
[    4.411553] raid6: using avx2x2 recovery algorithm
[    4.413575] xor: automatically using best checksumming function   avx       
[    4.415674] async_tx: api initialized (async)
done.
Begin: Running /scripts/init-premount ... done.
Begin: Mounting root file system ... Begin: Running /scripts/local-top ... done.
Begin: Running /scripts/local-premount ... [    4.461905] Btrfs loaded, crc32c=crc32c-intel
Scanning for Btrfs filesystems
done.
Warning: fsck not present, so skipping root file system
[    4.487093] EXT4-fs (sda1): mounted filesystem with ordered data mode. Opts: (null)
done.
Begin: Running /scripts/local-bottom ... done.
Begin: Running /scripts/init-bottom ... done.
[    4.629293] ip_tables: (C) 2000-2006 Netfilter Core Team
[    4.638066] systemd[1]: systemd 237 running in system mode. (+PAM +AUDIT +SELINUX +IMA +APPARMOR +SMACK +SYSVINIT +UTMP +LIBCRYPTSETUP +GCRYPT +GNUTLS +ACL +XZ +LZ4 +SECCOMP +BLKID +ELFUTILS +KMOD -IDN2 +IDN -PCRE2 default-hierarchy=hybrid)
[    4.641335] systemd[1]: Detected virtualization oracle.
[    4.642154] systemd[1]: Detected architecture x86-64.

Welcome to [1mUbuntu 18.04.6 LTS[0m!

[    4.656529] systemd[1]: Set hostname to <ubuntu>.
[    4.658989] systemd[1]: Initializing machine ID from random generator.
[    4.660066] systemd[1]: Installed transient /etc/machine-id file.
[    4.891058] systemd[1]: Reached target System Time Synchronized.
[[0;32m  OK  [0m] Reached target System Time Synchronized.
[    4.892559] systemd[1]: Reached target Swap.
[[0;32m  OK  [0m] Reached target Swap.
[    4.894184] systemd[1]: Created slice System Slice.
[[0;32m  OK  [0m] Created slice System Slice.
[    4.895547] systemd[1]: Listening on Journal Audit Socket.
[[0;32m  OK  [0m] Listening on Journal Audit Socket.
[[0;32m  OK  [0m] Listening on Syslog Socket.
[[0;32m  OK  [0m] Listening on /dev/initctl Compatibility Named Pipe.
[[0;32m  OK  [0m] Created slice system-serial\x2dgetty.slice.
[[0;32m  OK  [0m] Listening on Network Service Netlink Socket.
[[0;32m  OK  [0m] Listening on Journal Socket.
         Starting Set the console keyboard layout...
[[0;32m  OK  [0m] Listening on Journal Socket (/dev/log).
         Starting Journal Service...
[[0;32m  OK  [0m] Listening on LVM2 metadata daemon socket.
[[0;32m  OK  [0m] Listening on udev Control Socket.
[[0;32m  OK  [0m] Created slice User and Session Slice.
[[0;32m  OK  [0m] Reached target Mounting snaps.
[[0;32m  OK  [0m] Reached target Slices.
         Mounting Kernel Debug File System...
[[0;32m  OK  [0m] Listening on Device-mapper event daemon FIFOs.
         Mounting POSIX Message Queue File System...
[[0;32m  OK  [0m] Reached target User and Group Name Lookups.
         Starting Uncomplicated firewall...
         Mounting Huge Pages File System...
[[0;32m  OK  [0m] Set up automount Arbitrary Executabâ€¦rmats File System Automount Point.
[[0;32m  OK  [0m] Reached target Mounted snaps.
[[0;32m  OK  [0m] Started Forward Password Requests to Wall Directory Watch.
         Starting Monitoring of LVM2 mirrorsâ€¦ng dmeventd or progress polling...
         Starting Create list of required stâ€¦ce nodes for the current kernel...
[[0;32m  OK  [0m] Listening on udev Kernel Socket.
         Starting udev Coldplug all Devices...
[[0;32m  OK  [0m] Listening on fsck to fsckd communication Socket.
         Starting File System Check on Root Device...
         Starting Load Kernel Modules...
[[0;32m  OK  [0m] Listening on LVM2 poll daemon socket.
[[0;32m  OK  [0m] Started Journal Service.
[[0;32m  OK  [0m] Mounted Kernel Debug File System.
[[0;32m  OK  [0m] Mounted POSIX Message Queue File System.
[[0;32m  OK  [0m] Started Uncomplicated firewall.
[[0;32m  OK  [0m] Mounted Huge Pages File System.
[[0;32m  OK  [0m] Started LVM2 metadata daemon.
[[0;32m  OK  [0m] Started File System Check Daemon to report status.
[    5.060989] Loading iSCSI transport class v2.0-870.
[[0;32m  OK  [0m] Started udev Coldplug all Devices.
[    5.068255] iscsi: registered transport (tcp)
[[0;32m  OK  [0m] Started Create list of required staâ€¦vice nodes for the current kernel.
         Starting Create Static Device Nodes in /dev...
[[0;32m  OK  [0m] Started File System Check on Root Device.
         Starting Remount Root and Kernel File Systems...
[    5.121415] iscsi: registered transport (iser)
[[0;32m  OK  [0m] Started Load Kernel Modules.
         Starting Apply Kernel Variables...
         Mounting Kernel Configuration File System...
         Mounting FUSE Control File System...
[[0;32m  OK  [0m] Mounted Kernel Configuration File System.
[[0;32m  OK  [0m] Mounted FUSE Control File System.
[[0;32m  OK  [0m] Started Create Static Device Nodes in /dev.
[[0;32m  OK  [0m] Started Monitoring of LVM2 mirrors,â€¦sing dmeventd or progress polling.
[[0;32m  OK  [0m] Started Remount Root and Kernel File Systems.
         Starting Flush Journal to Persistent Storage...
         Starting Load/Save Random Seed...
         Starting udev Kernel Device Manager...
[[0;32m  OK  [0m] Started Apply Kernel Variables.
[[0;32m  OK  [0m] Started Load/Save Random Seed.
[[0;32m  OK  [0m] Started udev Kernel Device Manager.
[[0;32m  OK  [0m] Started Flush Journal to Persistent Storage.
[[0;32m  OK  [0m] Found device /dev/ttyS0.
[[0;32m  OK  [0m] Listening on Load/Save RF Kill Switch Status /dev/rfkill Watch.
         Mounting Arbitrary Executable File Formats File System...
[[0;32m  OK  [0m] Mounted Arbitrary Executable File Formats File System.
[[0;32m  OK  [0m] Started Set the console keyboard layout.
[[0;32m  OK  [0m] Reached target Local File Systems (Pre).
[[0;32m  OK  [0m] Reached target Local File Systems.
         Starting ebtables ruleset management...
         Starting Commit a transient machine-id on disk...
         Starting Create Volatile Files and Directories...
         Starting Tell Plymouth To Write Out Runtime Data...
         Starting Set console font and keymap...
         Starting AppArmor initialization...
[[0;32m  OK  [0m] Started Dispatch Password Requests to Console Directory Watch.
[[0;32m  OK  [0m] Reached target Local Encrypted Volumes.
[[0;32m  OK  [0m] Started Tell Plymouth To Write Out Runtime Data.
[[0;32m  OK  [0m] Started Commit a transient machine-id on disk.
[[0;32m  OK  [0m] Started Create Volatile Files and Directories.
         Starting Update UTMP about System Boot/Shutdown...
[[0;32m  OK  [0m] Started Update UTMP about System Boot/Shutdown.
[[0;32m  OK  [0m] Started ebtables ruleset management.
[[0;32m  OK  [0m] Started Set console font and keymap.
[[0;32m  OK  [0m] Started AppArmor initialization.
         Starting Load AppArmor profiles managed internally by snapd...
         Starting Initial cloud-init job (pre-networking)...
[[0;32m  OK  [0m] Started Load AppArmor profiles managed internally by snapd.
[   10.795277] cloud-init[830]: Cloud-init v. 23.1.2-0ubuntu0~18.04.1 running 'init-local' at Tue, 05 Nov 2024 02:50:39 +0000. Up 10.45 seconds.
[[0;32m  OK  [0m] Started Initial cloud-init job (pre-networking).
[[0;32m  OK  [0m] Reached target Network (Pre).
         Starting Network Service...
[[0;32m  OK  [0m] Started Network Service.
         Starting Wait for Network to be Configured...
         Starting Network Name Resolution...
[[0;32m  OK  [0m] Started Network Name Resolution.
[[0;32m  OK  [0m] Reached target Host and Network Name Lookups.
[[0;32m  OK  [0m] Reached target Network.
[[0;32m  OK  [0m] Started Wait for Network to be Configured.
         Starting Initial cloud-init job (metadata service crawler)...
[   13.310313] cloud-init[939]: Cloud-init v. 23.1.2-0ubuntu0~18.04.1 running 'init' at Tue, 05 Nov 2024 02:50:42 +0000. Up 13.11 seconds.
[   13.313485] cloud-init[939]: ci-info: ++++++++++++++++++++++++++++++++++++++Net device info+++++++++++++++++++++++++++++++++++++++
[   13.316970] cloud-init[939]: ci-info: +--------+-------+----------------------------+---------------+--------+-------------------+
[   13.318054] cloud-init[939]: ci-info: | Device |   Up  |          Address           |      Mask     | Scope  |     Hw-Address    |
[   13.320584] cloud-init[939]: ci-info: +--------+-------+----------------------------+---------------+--------+-------------------+
[   13.324459] cloud-init[939]: ci-info: | enp0s3 |  True |         10.0.2.15          | 255.255.255.0 | global | 02:3b:7b:b7:3b:2d |
[   13.325766] cloud-init[939]: ci-info: | enp0s3 |  True | fe80::3b:7bff:feb7:3b2d/64 |       .       |  link  | 02:3b:7b:b7:3b:2d |
[   13.329641] cloud-init[939]: ci-info: | enp0s8 | False |             .              |       .       |   .    | 08:00:27:0b:1e:4a |
[   13.330807] cloud-init[939]: ci-info: |   lo   |  True |         127.0.0.1          |   255.0.0.0   |  host  |         .         |
[   13.334070] cloud-init[939]: ci-info: |   lo   |  True |          ::1/128           |       .       |  host  |         .         |
[   13.334980] cloud-init[939]: ci-info: +--------+-------+----------------------------+---------------+--------+-------------------+
[   13.336076] cloud-init[939]: ci-info: ++++++++++++++++++++++++++++Route IPv4 info+++++++++++++++++++++++++++++
[   13.339850] cloud-init[939]: ci-info: +-------+-------------+----------+-----------------+-----------+-------+
[   13.340542] cloud-init[939]: ci-info: | Route | Destination | Gateway  |     Genmask     | Interface | Flags |
[   13.341350] cloud-init[939]: ci-info: +-------+-------------+----------+-----------------+-----------+-------+
[   13.342270] cloud-init[939]: ci-info: |   0   |   0.0.0.0   | 10.0.2.2 |     0.0.0.0     |   enp0s3  |   UG  |
[   13.344084] cloud-init[939]: ci-info: |   1   |   10.0.2.0  | 0.0.0.0  |  255.255.255.0  |   enp0s3  |   U   |
[   13.347582] cloud-init[939]: ci-info: |   2   |   10.0.2.2  | 0.0.0.0  | 255.255.255.255 |   enp0s3  |   UH  |
[   13.348394] cloud-init[939]: ci-info: +-------+-------------+----------+-----------------+-----------+-------+
[   13.349320] cloud-init[939]: ci-info: +++++++++++++++++++Route IPv6 info+++++++++++++++++++
[   13.352119] cloud-init[939]: ci-info: +-------+-------------+---------+-----------+-------+
[   13.352951] cloud-init[939]: ci-info: | Route | Destination | Gateway | Interface | Flags |
[   13.353765] cloud-init[939]: ci-info: +-------+-------------+---------+-----------+-------+
[   13.354942] cloud-init[939]: ci-info: |   1   |  fe80::/64  |    ::   |   enp0s3  |   U   |
[   13.356121] cloud-init[939]: ci-info: |   3   |    local    |    ::   |   enp0s3  |   U   |
[   13.360108] cloud-init[939]: ci-info: |   4   |   ff00::/8  |    ::   |   enp0s3  |   U   |
[   13.360697] cloud-init[939]: ci-info: +-------+-------------+---------+-----------+-------+
[   13.941469] cloud-init[939]: Generating public/private rsa key pair.
[   13.941976] cloud-init[939]: Your identification has been saved in /etc/ssh/ssh_host_rsa_key.
[   13.942803] cloud-init[939]: Your public key has been saved in /etc/ssh/ssh_host_rsa_key.pub.
[   13.943610] cloud-init[939]: The key fingerprint is:
[   13.944178] cloud-init[939]: SHA256:bxkNRqkyMaWvsVBR/hmkeccEZtg49VGpwqzq8EoShXs root@ubuntu-bionic
[   13.948086] cloud-init[939]: The key's randomart image is:
[   13.948515] cloud-init[939]: +---[RSA 2048]----+
[   13.948900] cloud-init[939]: |      .oo=Boo... |
[   13.967922] cloud-init[939]: |   .  o++Bo+ ..  |
[   13.968474] cloud-init[939]: |  . . oo+== +.   |
[   13.969040] cloud-init[939]: |   o .o..++*.    |
[   13.969615] cloud-init[939]: |  o E .oS.+..    |
[   13.970196] cloud-init[939]: |   o . +.. o     |
[   13.970774] cloud-init[939]: |  . o o.  +      |
[   13.972092] cloud-init[939]: |   o o.  .       |
[   13.976127] cloud-init[939]: |    .oo          |
[   13.976686] cloud-init[939]: +----[SHA256]-----+
[   13.977243] cloud-init[939]: Generating public/private dsa key pair.
[   13.977925] cloud-init[939]: Your identification has been saved in /etc/ssh/ssh_host_dsa_key.
[   13.978749] cloud-init[939]: Your public key has been saved in /etc/ssh/ssh_host_dsa_key.pub.
[   13.980084] cloud-init[939]: The key fingerprint is:
[   13.984108] cloud-init[939]: SHA256:v8aXMyWjQq6VEsRdZ7xy/jy0tpMlJJ0o/RUF3Wd1vkU root@ubuntu-bionic
[   13.984999] cloud-init[939]: The key's randomart image is:
[   13.985609] cloud-init[939]: +---[DSA 1024]----+
[   13.986162] cloud-init[939]: |          ..o .oE|
[   13.986694] cloud-init[939]: |     . . . o.  +*|
[   13.988121] cloud-init[939]: |      o .  . + o=|
[   13.988687] cloud-init[939]: |     .    o * + +|
[   13.992102] cloud-init[939]: |      . S  = + o |
[   13.992651] cloud-init[939]: |       ..o  + = .|
[   13.993219] cloud-init[939]: |      .oo... O = |
[   13.993771] cloud-init[939]: |       oo +.= O  |
[   13.994303] cloud-init[939]: |      .. o.. +.+ |
[   13.996087] cloud-init[939]: +----[SHA256]-----+
[   13.996666] cloud-init[939]: Generating public/private ecdsa key pair.
[   14.000113] cloud-init[939]: Your identification has been saved in /etc/ssh/ssh_host_ecdsa_key.
[   14.001012] cloud-init[939]: Your public key has been saved in /etc/ssh/ssh_host_ecdsa_key.pub.
[   14.001886] cloud-init[939]: The key fingerprint is:
[   14.002487] cloud-init[939]: SHA256:N0OEdkWSy+pJPy0l3U4GZOcELRkvNaVAvR/hwam2xu0 root@ubuntu-bionic
[   14.011390] cloud-init[939]: The key's randomart image is:
[   14.011987] cloud-init[939]: +---[ECDSA 256]---+
[   14.012566] cloud-init[939]: |         .o=B*+.o|
[   14.013143] cloud-init[939]: |        o.o.=+=B |
[   14.013705] cloud-init[939]: |       . o.+.==.o|
[   14.014230] cloud-init[939]: |         .o .+oo |
[   14.014766] cloud-init[939]: |        S.+.ooo..|
[   14.015289] cloud-init[939]: |        o..oo++..|
[   14.015827] cloud-init[939]: |       o o +.+.  |
[   14.016390] cloud-init[939]: |        o + . .E |
[   14.016904] cloud-init[939]: |           o     |
[   14.017415] cloud-init[939]: +----[SHA256]-----+
[   14.018028] cloud-init[939]: Generating public/private ed25519 key pair.
[   14.018713] cloud-init[939]: Your identification has been saved in /etc/ssh/ssh_host_ed25519_key.
[[0;32m  OK  [0m] Started Initial cloud-init job (metadata service crawler).
[[0;32m  OK  [0m] Reached target Network is Online.
[   14.021216] cloud-init[939]: Your public key has been saved in /etc/ssh/ssh_host_ed25519_key.pub.
[   14.021846] cloud-init[939]: The key fingerprint is:
[   14.022267] cloud-init[939]: SHA256:UwcCK2JEfhIssR9cnBK3WUroKhF2h91+6ciQoVAhnQc root@ubuntu-bionic
[   14.022871] cloud-init[939]: The key's randomart image is:
[   14.023314] cloud-init[939]: +--[ED25519 256]--+
[   14.023721] cloud-init[939]: |.=BEX.+.. .      |
[   14.024285] cloud-init[939]: |oB=XoX o . .     |
[   14.024717] cloud-init[939]:          Starting Availability of block devices...
[[0;32m  OK  [0m] Reached target Remote File Systems (Pre).
[[0;32m  OK  [0m] Reached target Remote File Systems.
[[0;32m  OK  [0m] Reached target System Initialization.
[[0;32m  OK  [0m] Started Message of the Day.
[[0;32m  OK  [0m] Started Ubuntu Advantage Timer for running repeated jobs.
[[0;32m  OK  [0m] Started Discard unused blocks once a week.
[[0;32m  OK  [0m] Listening on Open-iSCSI iscsid Socket.
[[0;32m  OK  [0m] Started Daily apt download activities.
[[0;32m  OK  [0m] Started Daily apt upgrade and clean activities.
|o+X.X =   o .    |[[0;32m  OK  [0m] Started ACPI Events Check.
[[0;32m  OK  [0m] Listening on D-Bus System Message Bus Socket.
[[0;32m  OK  [0m] Listening on UUID daemon activation socket.
[[0;32m  OK  [0m] Listening on cloud-init hotplug hook socket.
[[0;32m  OK  [0m] Started Daily Cleanup of Temporary Directories.
[[0;32m  OK  [0m] Reached target Timers.

[   14.040357] cloud-init[939]: |.o.* + . + .     |
[   14.041596] cloud-init[939]: | o.   o S        |
[   14.042493] cloud-init[939]: |o      o o       |
         Starting Socket activation for snappy daemon.
[   14.044081] cloud-init[939]: |.                |
[[0;32m  OK  [0m] Reached target Paths.
[   14.045418] cloud-init[939]: |                 |
         Starting LXD - unix socket.
[   14.047355] cloud-init[939]: |                 |
[   14.049164] cloud-init[939]: +----[SHA256]-----+
[[0;32m  OK  [0m] Listening on ACPID Listen Socket.
[[0;32m  OK  [0m] Reached target Cloud-config availability.
[[0;32m  OK  [0m] Started Availability of block devices.
[[0;32m  OK  [0m] Listening on Socket activation for snappy daemon.
[[0;32m  OK  [0m] Listening on LXD - unix socket.
[[0;32m  OK  [0m] Reached target Sockets.
[[0;32m  OK  [0m] Reached target Basic System.
         Starting Permit User Sessions...
         Starting Accounts Service...
         Starting Login Service...
[[0;32m  OK  [0m] Started irqbalance daemon.
         Starting Pollinate to seed the pseudo random number generator...
         Starting Dispatcher daemon for systemd-networkd...
[[0;32m  OK  [0m] Reached target Login Prompts (Pre).
[[0;32m  OK  [0m] Started FUSE filesystem for LXC.
         Starting LXD - container startup/shutdown...
         Starting System Logging Service...
[[0;32m  OK  [0m] Started D-Bus System Message Bus.
[[0;32m  OK  [0m] Started Login Service.
[[0;32m  OK  [0m] Started Unattended Upgrades Shutdown.
         Starting Snap Daemon...
         Starting Virtualbox guest utils...
         Starting LSB: Record successful boot for GRUB...
[[0;32m  OK  [0m] Started Deferred execution scheduler.
         Starting LSB: automatic crash report generation...
[[0;32m  OK  [0m] Started Regular background program processing daemon.
[[0;32m  OK  [0m] Started System Logging Service.
[[0;32m  OK  [0m] Started Permit User Sessions.
[[0;32m  OK  [0m] Started LXD - container startup/shutdown.
         Starting Authorization Manager...
         Starting Hold until boot process finishes up...
         Starting Terminate Plymouth Boot Screen...
[[0;32m  OK  [0m] Started Hold until boot process finishes up.
[[0;32m  OK  [0m] Started Serial Getty on ttyS0.
         Starting Set console scheme...
[[0;32m  OK  [0m] Started Terminate Plymouth Boot Screen.
[[0;32m  OK  [0m] Started LSB: automatic crash report generation.
[[0;32m  OK  [0m] Started Set console scheme.
[[0;32m  OK  [0m] Created slice system-getty.slice.
[[0;32m  OK  [0m] Started Getty on tty1.
[[0;32m  OK  [0m] Reached target Login Prompts.
[[0;32m  OK  [0m] Started LSB: Record successful boot for GRUB.
[[0;32m  OK  [0m] Started Authorization Manager.
[[0;32m  OK  [0m] Started Accounts Service.
[[0;32m  OK  [0m] Started Virtualbox guest utils.
[[0;32m  OK  [0m] Started Dispatcher daemon for systemd-networkd.
[[0;32m  OK  [0m] Started Snap Daemon.
         Starting Wait until snapd is fully seeded...
         Starting Time & Date Service...
[[0;32m  OK  [0m] Started Time & Date Service.
[[0;32m  OK  [0m] Started Pollinate to seed the pseudo random number generator.
         Starting OpenBSD Secure Shell server...
[[0;32m  OK  [0m] Started OpenBSD Secure Shell server.
[[0;32m  OK  [0m] Created slice User Slice of vagrant.
         Starting User Manager for UID 1000...
[[0;32m  OK  [0m] Started Session 1 of user vagrant.
[[0;32m  OK  [0m] Started User Manager for UID 1000.

Ubuntu 18.04.6 LTS ubuntu-bionic ttyS0

ubuntu-bionic login: [   20.914520] cloud-init[1676]: Cloud-init v. 23.1.2-0ubuntu0~18.04.1 running 'modules:config' at Tue, 05 Nov 2024 02:50:49 +0000. Up 20.43 seconds.
ci-info: no authorized SSH keys fingerprints found for user ubuntu.
<14>Nov  5 02:50:50 cloud-init: #############################################################
<14>Nov  5 02:50:50 cloud-init: -----BEGIN SSH HOST KEY FINGERPRINTS-----
<14>Nov  5 02:50:50 cloud-init: 1024 SHA256:v8aXMyWjQq6VEsRdZ7xy/jy0tpMlJJ0o/RUF3Wd1vkU root@ubuntu-bionic (DSA)
<14>Nov  5 02:50:50 cloud-init: 256 SHA256:N0OEdkWSy+pJPy0l3U4GZOcELRkvNaVAvR/hwam2xu0 root@ubuntu-bionic (ECDSA)
<14>Nov  5 02:50:50 cloud-init: 256 SHA256:UwcCK2JEfhIssR9cnBK3WUroKhF2h91+6ciQoVAhnQc root@ubuntu-bionic (ED25519)
<14>Nov  5 02:50:50 cloud-init: 2048 SHA256:bxkNRqkyMaWvsVBR/hmkeccEZtg49VGpwqzq8EoShXs root@ubuntu-bionic (RSA)
<14>Nov  5 02:50:50 cloud-init: -----END SSH HOST KEY FINGERPRINTS-----
<14>Nov  5 02:50:50 cloud-init: #############################################################
-----BEGIN SSH HOST KEY KEYS-----
ecdsa-sha2-nistp256 AAAAE2VjZHNhLXNoYTItbmlzdHAyNTYAAAAIbmlzdHAyNTYAAABBBI2r+0KxykLf+l+GqkNneqfUl88ZZurUvXENWTMmNHc/Tmw0e+sLe8W/IexDFp+vvG3BdLj2Pt8p0tbah/SpVhQ= root@ubuntu-bionic
ssh-ed25519 AAAAC3NzaC1lZDI1NTE5AAAAIA6EwfCRzEdCdrfpERCFUDlh6IItb+jbXZhS/Rn/LTcs root@ubuntu-bionic
ssh-rsa AAAAB3NzaC1yc2EAAAADAQABAAABAQC1NfLCtuxD+2H6xUEWsD7hhpGR/1wqNCP4nAcE8c0uKKx9fA04NlnWw8UYZwYxEEqXT8c5Wm/DQ57XLQzga7NCiOZ6sih8DAoP52ANUi22OirvtHrLwT/mUxNCs2VC+ozfDCx9KJ3pVpviE+jIA82lkvZta5JzKCdjVI9J1O1eFibRrRS6wf5FwXXS9nRFEqmryzPexF0rEppCoiVlDDOuwup587Z04A7ae8CkYPxMLORK+d8X0KRBUoXGiCg3LvLF6vEqFg+6er2ugaUfA/K1XlY9QnN/fv62chlcqowM/K1JqUTqXPeH+hZsq/eUsCugttZGjy1elqSKf9/G1NwN root@ubuntu-bionic
-----END SSH HOST KEY KEYS-----
[   21.862047] cloud-init[1813]: Cloud-init v. 23.1.2-0ubuntu0~18.04.1 running 'modules:final' at Tue, 05 Nov 2024 02:50:50 +0000. Up 21.62 seconds.
[   21.863101] cloud-init[1813]: Cloud-init v. 23.1.2-0ubuntu0~18.04.1 finished at Tue, 05 Nov 2024 02:50:50 +0000. Datasource DataSourceNoCloud [seed=/dev/sdb][dsmode=net].  Up 21.85 seconds
